// Jest Snapshot v1, https://goo.gl/fbAQLP

exports[`App component renders magnificant monkeys 1`] = `<Temp />`;
